# <a href = "../README.md" target="_blank">데이터베이스 첫걸음</a>
## Chpater 06. SQL문의 기본
### 6.2 SELECT문의 응용
1) COLUMN의 정렬
2) 검색 결과의 정렬(ROW 정렬)
3) 함수
4) 집약함수(집계함수)
5) 문자열의 집약(GROUP_CONCAT)
6) 집약함수에서의 DISTINCT
7) GROUP BY - 그룹화
8) 집약결과를 조건으로 지정(HAVING)
9) 집약 결과를 정렬 기준으로 지정(ORDER BY ~)
10) SELECT문의 어순

---


# 6.2 SELECT문의 응용

## 1) COLUMN의 정렬
> SELECT [COLUMN1], [COLUMN2], ...;
  - 명시적으로 지정한 칼럼의 순서대로 표시됨
  - 명시적으로 지정하지 않았을 경우 테이블을 작성했을 때의 순서대로 됨

---

## 2) 검색 결과의 정렬(ROW 정렬)
1. 오름차순
   > SELECT ~ ORDER BY Column1, Column2, ...;
    - 지정 칼럼 순서대로 우선순위 지정
    - 오름차순으로 정렬한다.
    - ASC(ASCend) 키워드를 붙여도 오름차순으로 정렬됨.


2. 내림차순
    > SELECT ~ ORDER BY Column DESC, ...;
    - 끝에 DESC(DESCend)를 붙으면 그 칼럼을 내림차순으로 하여 정렬


3. 복수의 정렬 기준(우선순위)
   - 지정 정렬기준에 대하여 우선순위가 같은 경우, 다음 우선순위를 지정하지 않는 한 우선순위가 일정치 않음. 
   - 콤마를 통해 그 다음 우선순위의 정렬 기준을 지정할 수 있음.
   - 문자열의 정렬 기준은 사전순이다.
   - 예시>
     ```
     // 같은 우선순위의 행들끼리는 별도의 정렬기준을 지정하지 않는 한 일정하게 정렬되지 않음
     mysql> select * from city where countrycode = 'KOR' order by district;
     +------+------------+-------------+---------------+------------+
     | ID   | Name       | CountryCode | District      | Population |
     +------+------------+-------------+---------------+------------+
     | 2358 | Cheju      | KOR         | Cheju         |     258511 |
     | 2357 | Kunsan     | KOR         | Chollabuk     |     266569 |
     | 2352 | Iksan      | KOR         | Chollabuk     |     322685 |
     | 2398 | Namwon     | KOR         | Chollabuk     |     103544 |
     | 2393 | Kimje      | KOR         | Chollabuk     |     115427 |
     | 2342 | Chonju     | KOR         | Chollabuk     |     563153 |
     | 2380 | Chong-up   | KOR         | Chollabuk     |     139111 |
     | 2361 | Mokpo      | KOR         | Chollanam     |     247452 |
     | 2360 | Sunchon    | KOR         | Chollanam     |     249263 |
     | 2370 | Yosu       | KOR         | Chollanam     |     183596 |
     | 2397 | Naju       | KOR         | Chollanam     |     107831 |
     | 2390 | Kwang-yang | KOR         | Chollanam     |     122052 |
     | 2368 | Chungju    | KOR         | Chungchongbuk |     205206 |
     | 2343 | Chongju    | KOR         | Chungchongbuk |     531376 |
     | 2381 | Chechon    | KOR         | Chungchongbuk |     137070 |
     | 2350 | Chonan     | KOR         | Chungchongnam |     330259 |
     | 2382 | Sosan      | KOR         | Chungchongnam |     134746 |
     | 2385 | Kongju     | KOR         | Chungchongnam |     131229 |
     | 2378 | Nonsan     | KOR         | Chungchongnam |     146619 |
     | 2375 | Asan       | KOR         | Chungchongnam |     154663 |
     | 2389 | Poryong    | KOR         | Chungchongnam |     122604 |
     
     // 콤마를 통해 동일 우선순위에 대한 다음 순위의 우선순위를 지정할 수 있다.
     mysql> select * from city where countrycode = 'KOR' order by district, name;
     +------+------------+-------------+---------------+------------+
     | ID   | Name       | CountryCode | District      | Population |
     +------+------------+-------------+---------------+------------+
     | 2358 | Cheju      | KOR         | Cheju         |     258511 |
     | 2380 | Chong-up   | KOR         | Chollabuk     |     139111 |
     | 2342 | Chonju     | KOR         | Chollabuk     |     563153 |
     | 2352 | Iksan      | KOR         | Chollabuk     |     322685 |
     | 2393 | Kimje      | KOR         | Chollabuk     |     115427 |
     | 2357 | Kunsan     | KOR         | Chollabuk     |     266569 |
     | 2398 | Namwon     | KOR         | Chollabuk     |     103544 |
     | 2390 | Kwang-yang | KOR         | Chollanam     |     122052 |
     | 2361 | Mokpo      | KOR         | Chollanam     |     247452 |
     | 2397 | Naju       | KOR         | Chollanam     |     107831 |
     | 2360 | Sunchon    | KOR         | Chollanam     |     249263 |
     | 2370 | Yosu       | KOR         | Chollanam     |     183596 |
     | 2381 | Chechon    | KOR         | Chungchongbuk |     137070 |
     | 2343 | Chongju    | KOR         | Chungchongbuk |     531376 |
     | 2368 | Chungju    | KOR         | Chungchongbuk |     205206 |
     | 2375 | Asan       | KOR         | Chungchongnam |     154663 |
     | 2350 | Chonan     | KOR         | Chungchongnam |     330259 |
     | 2385 | Kongju     | KOR         | Chungchongnam |     131229 |
     | 2378 | Nonsan     | KOR         | Chungchongnam |     146619 |
     | 2389 | Poryong    | KOR         | Chungchongnam |     122604 |
     | 2382 | Sosan      | KOR         | Chungchongnam |     134746 |
     ```

---

## 3) 함수

DBMS에서 일반적으로 함수는 다음의 두가지 종류가 사용된다.

1. 집약함수(집계함수) : 복수의 행(또는 행의 값)에 대해 집계를 수행하는 함수
2. 단일의 행, 값에 대해 조작이나 계산을 수행하는 함수

---

## 4) 집약함수(집계함수)

복수의 행(또는 행의 값)에 대해 집계를 수행하는 함수.  
기본적으로는 null을 제외하고 집계하는데, count함수는 예외적으로 `COUNT(*)`로 표기하여 NULL을 포함하여 전체 행을 집계함.

1. Count : 테이블의 행수를 알려주는 함수
     ```
     mysql> select count(*) // 행의 갯수를 집계해라
         -> from city // city 테이블의
         -> where countrycode = 'KOR'; // countrycode가 'KOR'인
     +----------+
     | count(*) |
     +----------+
     |       70 |
     +----------+
     1 row in set (0.00 sec)
     ```
2. SUM : 테이블의 수치 데이터를 합산하는 함수
3. AVG : 테이블의 수치 데이터 평균을 구하는 함수
4. MAX, MIN : 테이블의 임의의 열 데이터 중 최대값/최솟값을 구하는 함수
    - 문자열의 최대 최소는 사전순으로 나열 했을 때 맨 뒤, 맨 앞의 문자열이 됨

### 예시>
```
   mysql> select min(population), max(population), sum(population), avg(population) // 각 행의 population의 최소, 최대, 합계, 평균을 구해라
    -> from city //  city 테이블에서
    -> where countrycode = 'KOR'; // countrycode가 'KOR'인
   +-----------------+-----------------+-----------------+-----------------+
   | min(population) | max(population) | sum(population) | avg(population) |
   +-----------------+-----------------+-----------------+-----------------+
   |           92239 |         9981619 |        38999893 |     557141.3286 |
   +-----------------+-----------------+-----------------+-----------------+
   1 row in set (0.00 sec)
```

---

## 5) 문자열의 집약(GROUP_CONCAT)
SQL 표준에 해당되지 않지만 MySQL에서 별도로 존재하는 함수. 문자열의 결합을 수행함.
- 콤마로 구분하여 대응되는 요소를 반환함

- 예시>
  ```
    mysql> select group_concat(name) // name 칼럼을 콤마로 하여 집약해라.
        -> from city // city 테이블의 
        -> where countrycode = 'KOR' // countryCode가 'KOR'이고
        -> and district = 'Chollabuk'; // district가 'Chollabuk'인 행들의
    +-------------------------------------------+
    | group_concat(name)                        |
    +-------------------------------------------+
    | Chonju,Iksan,Kunsan,Chong-up,Kimje,Namwon |
    +-------------------------------------------+
    1 row in set (0.00 sec)
    ```

---

## 6) 집약함수에서의 DISTINCT
집약함수 괄호 안에 DISTINCT를 입력하면 집약결과에서 중복을 제거한다.

### 예시>
```
// 집약함수에 distinct를 지정하지 않았을 경우

mysql> select group_concat(district)
    -> from city
    -> where countrycode = 'KOR';
+--------------------------------------------------------------------------------------------------------------------------------------------------------------------------------------------------------------------------------------------------------------------------------------------------------------------------------------------------------------------------
---------------------------------------------------------------------------------------------------------------------------------------------------------------------------------------------------------------------------------------------------------------------------------------------------------------------------------------------------------------------------
-----------+
| group_concat(district)

                                                                                                       |
+-------------------------------------------------------------------------------------------------------------------------------------------------------------------------------------------------------------------------------------------------------------------------------------------------------------------------------------------------------------------------------------------------------------
-----------------------------------------------------------------------------------------------------------------------------------------------------------------------------------------------------------------------------------------------------------------------------------------------------------------------------
-------------------------------------------------------------------------------------------------------+
           |
+--------------------------------------------------------------------------------------------------------------------------------------------------------------------------------------------------------------------------------------------------------------------------------------------------------------------------------------------------------------------------
---------------------------------------------------------------------------------------------------------------------------------------------------------------------------------------------------------------------------------------------------------------------------------------------------------------------------------------------------------------------------
-----------+
| Seoul,Pusan,Inchon,Taegu,Taejon,Kwangju,Kyongsangnam,Kyonggi,Kyonggi,Kyonggi,Kyonggi,Chollabuk,Chungchongbuk,Kyonggi,Kyonggi,Kyongsangbuk,Kyongsangnam,Kyongsangnam,Kyonggi,Chungchongnam,Kyongsangnam,Chollabuk,Kyonggi,Kyongsangbuk,Kyonggi,Kyongsangbuk,Chollabuk,Cheju,Kyongsangnam,Chollanam,Chollanam,Kyonggi,Kang-won,Kyonggi,Kang-won,Kyonggi,Kang-won,Chungchong
buk,Kyongsangbuk,Chollanam,Kyongsangbuk,Kyonggi,Kyongsangnam,Kyonggi,Chungchongnam,Kyongsangnam,Kyongsangbuk,Chungchongnam,Kyonggi,Chollabuk,Chungchongbuk,Chungchongnam,Kyonggi,Kyongsangnam,Chungchongnam,Kyongsangbuk,Kyongsangnam,Kyongsangbuk,Chungchongnam,Chollanam,Kyongsangnam,Kyonggi,Chollabuk,Kyongsangbuk,Kyongsangnam,Kyonggi,Chollanam,Chollabuk,Kang-won,Ky
ongsangbuk |
+--------------------------------------------------------------------------------------------------------------------------------------------------------------------------------------------------------------------------------------------------------------------------------------------------------------------------------------------------------------------------
---------------------------------------------------------------------------------------------------------------------------------------------------------------------------------------------------------------------------------------------------------------------------------------------------------------------------------------------------------------------------
-----------+
1 row in set (0.00 sec)


// 집약함수에 distinct를 지정한 경우

mysql> select group_concat(distinct district)
    -> from city
    -> where countrycode = 'KOR';
+------------------------------------------------------------------------------------------------------------------------------------------+
| group_concat(distinct district)                                                                                                          |
+------------------------------------------------------------------------------------------------------------------------------------------+
| Cheju,Chollabuk,Chollanam,Chungchongbuk,Chungchongnam,Inchon,Kang-won,Kwangju,Kyonggi,Kyongsangbuk,Kyongsangnam,Pusan,Seoul,Taegu,Taejon |
+------------------------------------------------------------------------------------------------------------------------------------------+
1 row in set (0.00 sec)

```

---

## 7) GROUP BY - 그룹화
> SELECT ~ FROM 테이블명 GROUP BY 칼럼명 ...

> SELECT ~ FROM 테이블명 GROUP BY 칼럼명1, 칼럼명2, ...

집약함수의 대상이 되는 데이터를, 나누는 키(key)가 되는 칼럼을 지정하여 그룹화하여 집약할 수 있다.
- 지정 칼럼 기준으로 집약하여 그룹화한다.
- Group By의 칼럼명이 여러개 나열될 경우 첫번째 칼럼 기준으로 그룹화 후, 그 안에서 또 다시 칼럼2번, ... 순으로 더 세분화해서 그룹화한다.


### 예시1>
```
// 그룹화하지 않을 경우
mysql> SELECT COUNT(*)
    -> FROM CITY
    -> WHERE COUNTRYCODE = 'KOR';
+----------+
| COUNT(*) |
+----------+
|       70 |
+----------+
1 row in set (0.00 sec)

// 그룹화 할 경우
mysql> SELECT DISTRICT, COUNT(*)
    -> FROM CITY
    -> WHERE COUNTRYCODE = 'KOR'
    -> GROUP BY DISTRICT;
+---------------+----------+
| DISTRICT      | COUNT(*) |
+---------------+----------+
| Seoul         |        1 |
| Pusan         |        1 |
| Inchon        |        1 |
| Taegu         |        1 |
| Taejon        |        1 |
| Kwangju       |        1 |
| Kyongsangnam  |       11 |
| Kyonggi       |       18 |
| Chollabuk     |        6 |
| Chungchongbuk |        3 |
| Kyongsangbuk  |       10 |
| Chungchongnam |        6 |
| Cheju         |        1 |
| Chollanam     |        5 |
| Kang-won      |        4 |
+---------------+----------+
15 rows in set (0.00 sec)
```

### 예시2>
```
// countrycode 그 다음은 district 순으로 집약해라
mysql> SELECT COUNTRYCODE, DISTRICT, COUNT(*) 
    -> FROM CITY
    -> GROUP BY COUNTRYCODE, DISTRICT
    -> ORDER BY COUNTRYCODE, DISTRICT;
```

---

## 8) 집약결과를 조건으로 지정(HAVING)

1. 집약 결과를 where문에 작성하면 오류가 발생
   ```
   mysql> SELECT DISTRICT, COUNT(*)
       -> FROM CITY
       -> WHERE (COUNTRYCODE = 'KOR') AND (COUNT(*) = 4)
       -> GROUP BY DISTRICT;
   ERROR 1111 (HY000): Invalid use of group function
   ```
   
2. 그룹마다 집약한 결과를 조건으로 지정하려면, GROUP BY 뒤에 `HAVING문`으로 조건 지정
   > SELECT ~ FROM ~ GROUP BY ~ HAVING [그룹값조건]
   
   - 예시
      ```
      mysql> SELECT DISTRICT, COUNT(*)
          -> FROM CITY
          -> WHERE COUNTRYCODE = 'KOR'
          -> GROUP BY DISTRICT
          -> HAVING COUNT(*) = 6;
      +---------------+----------+
      | DISTRICT      | COUNT(*) |
      +---------------+----------+
      | Chollabuk     |        6 |
      | Chungchongnam |        6 |
      +---------------+----------+
      2 rows in set (0.00 sec)
      ```
     
## 9) 집약 결과를 정렬 기준으로 지정(ORDER BY ~)

정렬 기준으로 집약함수를 기술할 수 있음.
```
mysql> SELECT DISTRICT, COUNT(*)
    -> FROM CITY
    -> WHERE COUNTRYCODE = 'KOR'
    -> GROUP BY DISTRICT
    -> HAVING COUNT(*) > 6
    -> ORDER BY COUNT(*) DESC;
+--------------+----------+
| DISTRICT     | COUNT(*) |
+--------------+----------+
| Kyonggi      |       18 |
| Kyongsangnam |       11 |
| Kyongsangbuk |       10 |
+--------------+----------+
3 rows in set (0.00 sec)
```
     
## 10) SELECT문의 어순
> SELECT - FROM - WHERE - GROUP BY - HAVING - ORDER BY